ESP-ROM:esp32c3-api1-20210207
Build:Feb  7 2021
rst:0x15 (USB_UART_CHIP_RESET),boot:0xd (SPI_FAST_FLASH_BOOT)
Saved PC:0x4005885e
SPIWP:0xee
mode:DIO, clock div:1
load:0x3fcd5830,len:0x1594
load:0x403cbf10,len:0xc9c
load:0x403ce710,len:0x300c
entry 0x403cbf10
I (24) boot: ESP-IDF 6.0.1 2nd stage bootloader
I (24) boot: compile time Sep  9 2026 01:18:11
I (24) boot: chip revision: v0.4
I (25) boot: efuse block revision: v1.3
I (25) boot.esp32c3: SPI Speed      : 80MHz
I (25) boot.esp32c3: SPI Mode       : DIO
I (25) boot.esp32c3: SPI Flash Size : 4MB
I (25) boot: Enabling RNG early entropy source...
I (25) boot: Partition Table:
I (25) boot: ## Label            Usage          Type ST Offset   Length
I (26) boot:  0 nvs              WiFi data        01 02 00009000 00006000
I (26) boot:  1 phy_init         RF data          01 01 0000f000 00001000
I (26) boot:  2 factory          factory app      00 00 00010000 00180000
I (26) boot:  3 content          Unknown data     01 40 00190000 00070000
I (27) boot:  4 index            Unknown data     01 41 00200000 00010000
I (27) boot:  5 packs            Unknown data     01 81 00210000 001f0000
I (27) boot: End of partition table
I (27) esp_image: segment 0: paddr=00010020 vaddr=3c0f0020 size=6733ch (422716) map
I (94) esp_image: segment 1: paddr=00077364 vaddr=3fc95200 size=03804h ( 14340) load
I (97) esp_image: segment 2: paddr=0007ab70 vaddr=40380000 size=054a8h ( 21672) load
I (101) esp_image: segment 3: paddr=00080020 vaddr=42000020 size=e73d4h (947156) map
I (249) esp_image: segment 4: paddr=001673fc vaddr=403854a8 size=0fba8h ( 64424) load
I (261) esp_image: segment 5: paddr=00176fac vaddr=50000000 size=00024h (    36) load
I (267) boot: Loaded app from partition at offset 0x10000
I (268) boot: Disabling RNG early entropy source...
I (268) cpu_start: Unicore app
I (277) cpu_start: Pro cpu start user code
I (277) cpu_start: cpu freq: 160000000 Hz
I (277) app_init: Application information:
I (277) app_init: Project name:     pocketwiki
I (277) app_init: App version:      v2-zstd-18-gdbd4581-dirty
I (277) app_init: Compile time:     Sep  9 2026 03:00:24
I (277) app_init: ELF file SHA256:  b2fbf235f...
I (277) app_init: ESP-IDF:          6.0.1
I (277) efuse_init: Min chip rev:     v0.3
I (278) efuse_init: Max chip rev:     v1.99 
I (278) efuse_init: Chip rev:         v0.4
I (278) heap_init: Initializing. RAM available for dynamic allocation:
I (278) heap_init: At 3FCAC410 len 00013BF0 (78 KiB): RAM
I (278) heap_init: At 3FCC0000 len 0001C710 (113 KiB): Retention RAM
I (278) heap_init: At 3FCDC710 len 00002950 (10 KiB): Retention RAM
I (279) heap_init: At 50000024 len 00001FC4 (7 KiB): RTCRAM
I (279) spi_flash: detected chip: generic
I (279) spi_flash: flash io: dio
I (280) sleep_gpio: Configure to isolate all GPIO pins in sleep state
I (280) sleep_gpio: Enable automatic switching of GPIO sleep configuration
I (282) main_task: Started on CPU0
I (282) main_task: Calling app_main()
I (282) pocketwiki: PocketWiki booting (ESP-IDF 6.0.1)
I (392) oled: SSD1306 ready at 0x3c
I (412) pp: pp rom version: 9387209
I (412) net80211: net80211 rom version: 9387209
I (422) wifi:wifi driver task: 3fcb51d8, prio:23, stack:3584, core=0
I (422) wifi:wifi firmware version: b37c951
I (422) wifi:wifi certification version: v7.0
I (422) wifi:config NVS flash: enabled
I (422) wifi:config nano formatting: disabled
I (422) wifi:Init data frame dynamic rx buffer num: 32
I (422) wifi:Init static rx mgmt buffer num: 5
I (422) wifi:Init management short buffer num: 32
I (422) wifi:Init dynamic tx buffer num: 32
I (422) wifi:Init static tx FG buffer num: 2
I (422) wifi:Init static rx buffer size: 1600
I (422) wifi:Init static rx buffer num: 10
I (422) wifi:Init dynamic rx buffer num: 32
I (432) wifi_init: rx ba win: 6
I (432) wifi_init: accept mbox: 6
I (432) wifi_init: tcpip mbox: 32
I (432) wifi_init: udp mbox: 6
I (432) wifi_init: tcp mbox: 6
I (432) wifi_init: tcp tx win: 5760
I (432) wifi_init: tcp rx win: 5760
I (432) wifi_init: tcp mss: 1440
I (432) wifi_init: WiFi IRAM OP enabled
I (432) wifi_init: WiFi RX IRAM OP enabled
I (432) phy_init: phy_version 1232,d493f299,Aug 25 2025,19:01:20
I (482) phy_init: Saving new calibration data due to checksum failure or outdated calibration data, mode(0)
I (522) wifi:mode : sta (70:af:09:07:e0:74) + softAP (70:af:09:07:e0:75)
I (522) wifi:enable tsf
I (522) wifi:Total power save buffer number: 16
I (522) wifi:Init max length of beacon: 752/752
I (522) wifi:Init max length of beacon: 752/752
I (522) esp_netif_lwip: DHCP server started on interface WIFI_AP_DEF with IP: 192.168.4.1
I (522) wifi:Set ps type: 0, coexist: 0

W (522) wifi:Password length matches WPA2 standards, authmode threshold changes from OPEN to WPA2
I (532) wifi: SoftAP PocketWiki at 192.168.4.1; station=VM9786189
I (532) archive: archive OK v1: 96 articles, payload 330002 bytes (dict 0), index 7194 bytes
I (542) archive: archive OK v1: 96 articles, payload 330002 bytes (dict 0), index 7194 bytes
I (542) packs: pack store ready: 270336/1978368 bytes used
I (542) BLE_INIT: BT controller compile version [b7de11e]
I (542) BLE_INIT: Using main XTAL as clock source
I (542) BLE_INIT: Feature Config, ADV:1, BLE_50:1, DTM:1, SCAN:1, CCA:0, SMP:1, CONNECT:1
I (542) BLE_INIT: Bluetooth MAC: 70:af:09:07:e0:76
I (552) wifi:Coexist!!! Wi-Fi station would only keep waked when available

I (552) wifi:ap channel adjust o:1,1 n:11,2
I (552) wifi:new:<11,0>, old:<1,1>, ap:<11,2>, sta:<11,0>, prof:1, snd_ch_cfg:0x0
I (552) wifi:state: init -> auth (0xb0)
I (562) wifi:state: auth -> assoc (0x0)
I (562) NimBLE: GAP procedure initiated: stop advertising.

I (562) wifi:state: assoc -> run (0x10)
I (562) NimBLE: GAP procedure initiated: advertise; 
I (562) NimBLE: disc_mode=2
I (562) NimBLE:  adv_channel_map=0 own_addr_type=0 adv_filter_policy=0 adv_itvl_min=0 adv_itvl_max=0
I (562) NimBLE: 

I (572) ble_setup: BLE provisioning and pack management ready
I (572) httpd: HTTP server ready (4 sockets)
I (572) pocketwiki: PocketWiki ready: http://192.168.4.1/  articles=96  archive_version=1  heap=23160
I (602) main_task: Returned from app_main()
I (1582) wifi:connected with VM9786189, aid = 22, channel 11, BW20, bssid = 20:35:43:0b:6a:00
I (1582) wifi:security: WPA2-PSK, phy: bgn, rssi: -86, cipher(pairwise:0x3, group:0x3), pmf:0
I (1582) wifi:pm start, type: 0

I (1582) wifi:dp: 1, bi: 102400, li: 3, scale listen interval from 307200 us to 307200 us
I (1582) wifi:set rx beacon pti, rx_bcn_pti: 14, bcn_timeout: 25000, mt_pti: 14, mt_time: 10000
I (1782) wifi:AP's beacon interval = 102400 us, DTIM period = 1
I (1882) wifi:<ba-add>idx:0 (ifx:0, 20:35:43:0b:6a:00), tid:7, ssn:4, winSize:64
I (2572) pwpk_bench: {"board":true,"idf":"6.0.1","cores":1,"revision":4,"cpu_mhz":160,"psram_bytes":0,"heap_total":216084,"benchmark_stack_bytes":8192}
I (2572) pwpk_bench: {"profile":"zstd-l3","compressed":2914,"raw":5898,"dictionary_bytes":0,"decoded":0,"decode_us":34,"heap_before":19820,"heap_after":19820,"heap_min":15368,"largest_before":8704,"decoder_bytes":0,"ok":false,"error":"context allocation failed"}
I (2582) pwpk_bench: {"profile":"zstd-l19","compressed":2795,"raw":5898,"dictionary_bytes":0,"decoded":0,"decode_us":14,"heap_before":19840,"heap_after":19840,"heap_min":15368,"largest_before":8704,"decoder_bytes":0,"ok":false,"error":"context allocation failed"}
I (2592) pwpk_bench: {"profile":"zstd-dict-8192","compressed":2331,"raw":5898,"dictionary_bytes":8192,"decoded":0,"decode_us":12,"heap_before":19840,"heap_after":19840,"heap_min":15368,"largest_before":8704,"decoder_bytes":0,"ok":false,"error":"context allocation failed"}
I (2602) pwpk_bench: {"profile":"zstd-dict-32768","compressed":2055,"raw":5898,"dictionary_bytes":32768,"decoded":0,"decode_us":29,"heap_before":19840,"heap_after":19840,"heap_min":15368,"largest_before":8704,"decoder_bytes":0,"ok":false,"error":"context allocation failed"}
I (2612) pwpk_bench: {"profile":"zstd-block-16384","compressed":5688,"raw":12573,"dictionary_bytes":0,"decoded":0,"decode_us":11,"heap_before":19840,"heap_after":19840,"heap_min":15368,"largest_before":8704,"decoder_bytes":0,"ok":false,"error":"context allocation failed"}
I (2622) pwpk_bench: {"profile":"zstd-block-32768","compressed":12321,"raw":28836,"dictionary_bytes":0,"decoded":0,"decode_us":10,"heap_before":19840,"heap_after":19840,"heap_min":15368,"largest_before":8704,"decoder_bytes":0,"ok":false,"error":"context allocation failed"}
I (2632) pwpk_bench: {"profile":"zstd-block-65536","compressed":24291,"raw":61066,"dictionary_bytes":0,"decoded":0,"decode_us":9,"heap_before":19840,"heap_after":19840,"heap_min":15368,"largest_before":8704,"decoder_bytes":0,"ok":false,"error":"context allocation failed"}
I (3182) esp_netif_handlers: sta ip: 192.168.0.213, mask: 255.255.255.0, gw: 192.168.0.1
I (3182) wifi: station connected to VM9786189
I (3462) wifi:<ba-add>idx:1 (ifx:0, 20:35:43:0b:6a:00), tid:0, ssn:1, winSize:64
I (3562) wifi: time synced (1789044908)
I (3702) pwpk_bench: {"storage":"fat","buffer":1024,"bytes":2429100,"read_us":749814,"heap_before":19648,"heap_during":18220,"ok":true}
I (4422) pwpk_bench: {"storage":"fat","buffer":2048,"bytes":2429100,"read_us":720294,"heap_before":19248,"heap_during":16880,"ok":true}
I (5132) pwpk_bench: {"storage":"fat","buffer":4096,"bytes":2429100,"read_us":705672,"heap_before":18932,"heap_during":15020,"ok":true}
I (5842) pwpk_bench: {"storage":"fat","buffer":8192,"bytes":2429100,"read_us":712814,"heap_before":19120,"heap_during":10924,"ok":true}
I (5842) pwpk_bench: {"storage":"fat","buffer":16384,"ok":false,"reason":"malloc"}
I (6322) pwpk_bench: {"storage":"raw-app","buffer":1024,"bytes":2429100,"read_us":476223,"heap_before":19120,"heap_during":18092,"ok":true}
I (6782) pwpk_bench: {"storage":"raw-app","buffer":2048,"bytes":2429100,"read_us":458903,"heap_before":19120,"heap_during":17068,"ok":true}
I (7232) pwpk_bench: {"storage":"raw-app","buffer":4096,"bytes":2429100,"read_us":449263,"heap_before":19120,"heap_during":15020,"ok":true}
I (7672) pwpk_bench: {"storage":"raw-app","buffer":8192,"bytes":2429100,"read_us":440642,"heap_before":19120,"heap_during":10924,"ok":true}
I (7672) pwpk_bench: {"storage":"raw-app","buffer":16384,"ok":false,"reason":"malloc"}
I (7762) pwpk_bench: {"pack_store_total":1978368,"pack_store_used":270336}
I (7762) pwpk_bench: {"benchmark_complete":true}
